Defaulting to user installation because normal site-packages is not writeable
Collecting numpy (from -r requirements.txt (line 1))
  Downloading numpy-2.2.3-cp311-cp311-manylinux_2_17_x86_64.manylinux2014_x86_64.whl (16.4 MB)
     ━━━━━━━━━━━━━━━━━━━━━━━━━━━━━━━━━━━━━━━ 16.4/16.4 MB 109.3 MB/s eta 0:00:00
Requirement already satisfied: icecream in /home/tsijpkens/.local/lib/python3.11/site-packages (from -r requirements.txt (line 2)) (2.1.4)
Requirement already satisfied: colorama>=0.3.9 in /home/tsijpkens/.local/lib/python3.11/site-packages (from icecream->-r requirements.txt (line 2)) (0.4.6)
Requirement already satisfied: pygments>=2.2.0 in /home/tsijpkens/.local/lib/python3.11/site-packages (from icecream->-r requirements.txt (line 2)) (2.19.1)
Requirement already satisfied: executing>=2.1.0 in /home/tsijpkens/.local/lib/python3.11/site-packages (from icecream->-r requirements.txt (line 2)) (2.2.0)
Requirement already satisfied: asttokens>=2.0.1 in /home/tsijpkens/.local/lib/python3.11/site-packages (from icecream->-r requirements.txt (line 2)) (3.0.0)
Installing collected packages: numpy
Successfully installed numpy-2.2.3

[notice] A new release of pip is available: 23.1.2 -> 25.0.1
[notice] To update, run: pip install --upgrade pip
icicic|ic|| |   ffff""""Running: Running: Running: Running: {{{{''''    ''''....joinjoinjoinjoin((((cmdcmdcmdcmd))))}}}}""""::::    ((((''Running: python3 -m experiment [20] [5, 10, 15, 20, 25, 30, 35, 40, 45, 50, ''Running: python3 -m experiment [20] [0.2, 0.4, 0.6, 0.8, 1.0, 1.2, 1.4, 1.6, 'Running: python3 -m experiment [20] [0.2, 0.4, 0.6, 0.8, 1.0, 1.2, 1.4, 1.6, Running: python3 -m experiment [20] [0.2, 0.4, 0.6, 0.8, 1.0, 1.2, 1.4, 1.6, '
''
                                  

                                  '                                                                    '55, 60, 65, 70, 75, 80, 85, 90, 95, 100] 23  --tsp_type euclidean 1.8, 2.0, 2.2, 2.4, 2.6, 2.8, 3.0, 3.2, 3.4, 3.6, 3.8, 4.0, 4.2, 4.4, 4.6, ''''1.8, 2.0, 2.2, 2.4, 2.6, 2.8, 3.0, 3.2, 3.4, 3.6, 3.8, 4.0, 4.2, 4.4, 4.6, 1.8, 2.0, 2.2, 2.4, 2.6, 2.8, 3.0, 3.2, 3.4, 3.6, 3.8, 4.0, 4.2, 4.4, 4.6, 

''                                                                    

''                                                                    --distribution uniform --mutation_strategy wouter4.8, 5.0] 23  --tsp_type euclidean --distribution lognormal ''''4.8, 5.0] 23  --tsp_type asymmetric --distribution lognormal 4.8, 5.0] 23  --tsp_type euclidean --distribution lognormal )
''
                                  

'                                                                    --mutation_strategy scramble'''--mutation_strategy scramble--mutation_strategy swap)''
))

ic| f"Completed: {cmd}": ("Completed: ['python3', '-m', 'experiment', '[20]', '[0.2, 0.4, 0.6, 0.8, "
                          '1.0, 1.2, 1.4, 1.6, 1.8, 2.0, 2.2, 2.4, 2.6, 2.8, 3.0, 3.2, 3.4, 3.6, 3.8, '
                          "4.0, 4.2, 4.4, 4.6, 4.8, 5.0]', '23', '', '--tsp_type', 'asymmetric', "
                          "'--distribution', 'lognormal', '--mutation_strategy', 'scramble']")
    f"Output: {result.stdout}": 'Output: '
ic| f"Running: {' '.join(cmd)}": ('Running: python3 -m experiment [20] [0.2, 0.4, 0.6, 0.8, 1.0, 1.2, 1.4, 1.6, '
                                  '1.8, 2.0, 2.2, 2.4, 2.6, 2.8, 3.0, 3.2, 3.4, 3.6, 3.8, 4.0, 4.2, 4.4, 4.6, '
                                  '4.8, 5.0] 23  --tsp_type asymmetric --distribution lognormal '
                                  '--mutation_strategy wouter')
ic| f"Completed: {cmd}": ("Completed: ['python3', '-m', 'experiment', '[20]', '[0.2, 0.4, 0.6, 0.8, "
                          '1.0, 1.2, 1.4, 1.6, 1.8, 2.0, 2.2, 2.4, 2.6, 2.8, 3.0, 3.2, 3.4, 3.6, 3.8, '
                          "4.0, 4.2, 4.4, 4.6, 4.8, 5.0]', '23', '', '--tsp_type', 'asymmetric', "
                          "'--distribution', 'lognormal', '--mutation_strategy', 'wouter']")
    f"Output: {result.stdout}": 'Output: '
ic| f"Running: {' '.join(cmd)}": ('Running: python3 -m experiment [20] [0.2, 0.4, 0.6, 0.8, 1.0, 1.2, 1.4, 1.6, '
                                  '1.8, 2.0, 2.2, 2.4, 2.6, 2.8, 3.0, 3.2, 3.4, 3.6, 3.8, 4.0, 4.2, 4.4, 4.6, '
                                  '4.8, 5.0] 23  --tsp_type asymmetric --distribution lognormal '
                                  '--mutation_strategy swap')
ic| f"Completed: {cmd}": ("Completed: ['python3', '-m', 'experiment', '[20]', '[0.2, 0.4, 0.6, 0.8, "
                          '1.0, 1.2, 1.4, 1.6, 1.8, 2.0, 2.2, 2.4, 2.6, 2.8, 3.0, 3.2, 3.4, 3.6, 3.8, '
                          "4.0, 4.2, 4.4, 4.6, 4.8, 5.0]', '23', '', '--tsp_type', 'asymmetric', "
                          "'--distribution', 'lognormal', '--mutation_strategy', 'swap']")
    f"Output: {result.stdout}": 'Output: '
ic| f"Running: {' '.join(cmd)}": ('Running: python3 -m experiment [20] [5, 10, 15, 20, 25, 30, 35, 40, 45, 50, '
                                  '55, 60, 65, 70, 75, 80, 85, 90, 95, 100] 23  --tsp_type asymmetric '
                                  '--distribution uniform --mutation_strategy scramble')
ic| f"Completed: {cmd}": ("Completed: ['python3', '-m', 'experiment', '[20]', '[5, 10, 15, 20, 25, 30, "
                          "35, 40, 45, 50, 55, 60, 65, 70, 75, 80, 85, 90, 95, 100]', '23', '', "
                          "'--tsp_type', 'asymmetric', '--distribution', 'uniform', "
                          "'--mutation_strategy', 'scramble']")
    f"Output: {result.stdout}": 'Output: '
ic| f"Running: {' '.join(cmd)}": ('Running: python3 -m experiment [20] [5, 10, 15, 20, 25, 30, 35, 40, 45, 50, '
                                  '55, 60, 65, 70, 75, 80, 85, 90, 95, 100] 23  --tsp_type asymmetric '
                                  '--distribution uniform --mutation_strategy wouter')
ic| f"Completed: {cmd}": ("Completed: ['python3', '-m', 'experiment', '[20]', '[5, 10, 15, 20, 25, 30, "
                          "35, 40, 45, 50, 55, 60, 65, 70, 75, 80, 85, 90, 95, 100]', '23', '', "
                          "'--tsp_type', 'asymmetric', '--distribution', 'uniform', "
                          "'--mutation_strategy', 'wouter']")
    f"Output: {result.stdout}": 'Output: '
ic| f"Running: {' '.join(cmd)}": ('Running: python3 -m experiment [20] [5, 10, 15, 20, 25, 30, 35, 40, 45, 50, '
                                  '55, 60, 65, 70, 75, 80, 85, 90, 95, 100] 23  --tsp_type asymmetric '
                                  '--distribution uniform --mutation_strategy swap')
ic| f"Completed: {cmd}": ("Completed: ['python3', '-m', 'experiment', '[20]', '[5, 10, 15, 20, 25, 30, "
                          "35, 40, 45, 50, 55, 60, 65, 70, 75, 80, 85, 90, 95, 100]', '23', '', "
                          "'--tsp_type', 'asymmetric', '--distribution', 'uniform', "
                          "'--mutation_strategy', 'swap']")
    f"Output: {result.stdout}": 'Output: '
ic| f"Running: {' '.join(cmd)}": ('Running: python3 -m experiment [30] [0.2, 0.4, 0.6, 0.8, 1.0, 1.2, 1.4, 1.6, '
                                  '1.8, 2.0, 2.2, 2.4, 2.6, 2.8, 3.0, 3.2, 3.4, 3.6, 3.8, 4.0, 4.2, 4.4, 4.6, '
                                  '4.8, 5.0] 23  --tsp_type euclidean --distribution lognormal '
                                  '--mutation_strategy scramble')
ic| f"Completed: {cmd}": ("Completed: ['python3', '-m', 'experiment', '[20]', '[5, 10, 15, 20, 25, 30, "
                          "35, 40, 45, 50, 55, 60, 65, 70, 75, 80, 85, 90, 95, 100]', '23', '', "
                          "'--tsp_type', 'euclidean', '--distribution', 'uniform', "
                          "'--mutation_strategy', 'wouter']")
    f"Output: {result.stdout}": 'Output: '
ic| f"Running: {' '.join(cmd)}": ('Running: python3 -m experiment [20] [5, 10, 15, 20, 25, 30, 35, 40, 45, 50, '
                                  '55, 60, 65, 70, 75, 80, 85, 90, 95, 100] 23  --tsp_type euclidean '
                                  '--distribution uniform --mutation_strategy swap')
slurmstepd: error: *** JOB 10048983 ON tcn280 CANCELLED AT 2025-02-18T14:13:02 DUE TO TIME LIMIT ***

JOB STATISTICS
==============
Job ID: 10048983
Cluster: snellius
User/Group: tsijpkens/tsijpkens
State: TIMEOUT (exit code 0)
Nodes: 1
Cores per node: 32
CPU Utilized: 00:00:04
CPU Efficiency: 0.00% of 1-08:12:16 core-walltime
Job Wall-clock time: 01:00:23
Memory Utilized: 526.36 MB
Memory Efficiency: 0.92% of 56.00 GB
