Defaulting to user installation because normal site-packages is not writeable
Requirement already satisfied: numpy in /home/tsijpkens/.local/lib/python3.11/site-packages (from -r requirements.txt (line 1)) (2.2.3)
Requirement already satisfied: icecream in /home/tsijpkens/.local/lib/python3.11/site-packages (from -r requirements.txt (line 2)) (2.1.4)
Requirement already satisfied: pandas in /home/tsijpkens/.local/lib/python3.11/site-packages (from -r requirements.txt (line 3)) (2.2.3)
Requirement already satisfied: scikit-learn in /home/tsijpkens/.local/lib/python3.11/site-packages (from -r requirements.txt (line 4)) (1.6.1)
Requirement already satisfied: statsmodels in /home/tsijpkens/.local/lib/python3.11/site-packages (from -r requirements.txt (line 5)) (0.14.4)
Requirement already satisfied: colorama>=0.3.9 in /home/tsijpkens/.local/lib/python3.11/site-packages (from icecream->-r requirements.txt (line 2)) (0.4.6)
Requirement already satisfied: pygments>=2.2.0 in /home/tsijpkens/.local/lib/python3.11/site-packages (from icecream->-r requirements.txt (line 2)) (2.19.1)
Requirement already satisfied: executing>=2.1.0 in /home/tsijpkens/.local/lib/python3.11/site-packages (from icecream->-r requirements.txt (line 2)) (2.2.0)
Requirement already satisfied: asttokens>=2.0.1 in /home/tsijpkens/.local/lib/python3.11/site-packages (from icecream->-r requirements.txt (line 2)) (3.0.0)
Requirement already satisfied: python-dateutil>=2.8.2 in /home/tsijpkens/.local/lib/python3.11/site-packages (from pandas->-r requirements.txt (line 3)) (2.9.0.post0)
Requirement already satisfied: pytz>=2020.1 in /home/tsijpkens/.local/lib/python3.11/site-packages (from pandas->-r requirements.txt (line 3)) (2025.1)
Requirement already satisfied: tzdata>=2022.7 in /home/tsijpkens/.local/lib/python3.11/site-packages (from pandas->-r requirements.txt (line 3)) (2025.1)
Requirement already satisfied: scipy>=1.6.0 in /home/tsijpkens/.local/lib/python3.11/site-packages (from scikit-learn->-r requirements.txt (line 4)) (1.15.2)
Requirement already satisfied: joblib>=1.2.0 in /home/tsijpkens/.local/lib/python3.11/site-packages (from scikit-learn->-r requirements.txt (line 4)) (1.4.2)
Requirement already satisfied: threadpoolctl>=3.1.0 in /home/tsijpkens/.local/lib/python3.11/site-packages (from scikit-learn->-r requirements.txt (line 4)) (3.6.0)
Requirement already satisfied: patsy>=0.5.6 in /home/tsijpkens/.local/lib/python3.11/site-packages (from statsmodels->-r requirements.txt (line 5)) (1.0.1)
Requirement already satisfied: packaging>=21.3 in /sw/arch/RHEL8/EB_production/2023/software/Python/3.11.3-GCCcore-12.3.0/lib/python3.11/site-packages (from statsmodels->-r requirements.txt (line 5)) (23.1)
Requirement already satisfied: six>=1.5 in /home/tsijpkens/.local/lib/python3.11/site-packages (from python-dateutil>=2.8.2->pandas->-r requirements.txt (line 3)) (1.17.0)

[notice] A new release of pip is available: 23.1.2 -> 25.0.1
[notice] To update, run: pip install --upgrade pip

JOB STATISTICS
==============
Job ID: 11143633
Cluster: snellius
User/Group: tsijpkens/tsijpkens
State: RUNNING
Nodes: 1
Cores per node: 64
CPU Utilized: 00:00:00
CPU Efficiency: 0.00% of 00:18:08 core-walltime
Job Wall-clock time: 00:00:17
Memory Utilized: 0.00 MB
Memory Efficiency: 0.00% of 112.00 GB (1.75 GB/core)
WARNING: Efficiency statistics can only be obtained after the job has ended as seff tool is based on the accounting database data.
