--- Logging error ---
Traceback (most recent call last):
  File "/gpfs/home3/tsijpkens/TSPHardener/run.py", line 33, in run_experiment
    result = subprocess.run(cmd, check=True, text=True, capture_output=True)
             ^^^^^^^^^^^^^^^^^^^^^^^^^^^^^^^^^^^^^^^^^^^^^^^^^^^^^^^^^^^^^^^
  File "/sw/arch/RHEL8/EB_production/2023/software/Python/3.11.3-GCCcore-12.3.0/lib/python3.11/subprocess.py", line 571, in run
    raise CalledProcessError(retcode, process.args,
subprocess.CalledProcessError: Command '['python3', '-m', 'experiment', '[30]', '[3.4, 3.6, 3.8, 4.0, 4.2, 4.4, 4.6, 4.8, 5.0]', '1000', '', '--tsp_type', 'euclidean', '--distribution', 'lognormal', '--mutation_strategy', 'scramble']' died with <Signals.SIGKILL: 9>.

During handling of the above exception, another exception occurred:

Traceback (most recent call last):
  File "/sw/arch/RHEL8/EB_production/2023/software/Python/3.11.3-GCCcore-12.3.0/lib/python3.11/logging/__init__.py", line 1110, in emit
    msg = self.format(record)
          ^^^^^^^^^^^^^^^^^^^
  File "/sw/arch/RHEL8/EB_production/2023/software/Python/3.11.3-GCCcore-12.3.0/lib/python3.11/logging/__init__.py", line 953, in format
    return fmt.format(record)
           ^^^^^^^^^^^^^^^^^^
  File "/sw/arch/RHEL8/EB_production/2023/software/Python/3.11.3-GCCcore-12.3.0/lib/python3.11/logging/__init__.py", line 687, in format
    record.message = record.getMessage()
                     ^^^^^^^^^^^^^^^^^^^
  File "/sw/arch/RHEL8/EB_production/2023/software/Python/3.11.3-GCCcore-12.3.0/lib/python3.11/logging/__init__.py", line 377, in getMessage
    msg = msg % self.args
          ~~~~^~~~~~~~~~~
TypeError: not all arguments converted during string formatting
Call stack:
  File "/gpfs/home3/tsijpkens/TSPHardener/run.py", line 46, in <module>
    with Pool(processes=32) as pool:
  File "/sw/arch/RHEL8/EB_production/2023/software/Python/3.11.3-GCCcore-12.3.0/lib/python3.11/multiprocessing/context.py", line 119, in Pool
    return Pool(processes, initializer, initargs, maxtasksperchild,
  File "/sw/arch/RHEL8/EB_production/2023/software/Python/3.11.3-GCCcore-12.3.0/lib/python3.11/multiprocessing/pool.py", line 215, in __init__
    self._repopulate_pool()
  File "/sw/arch/RHEL8/EB_production/2023/software/Python/3.11.3-GCCcore-12.3.0/lib/python3.11/multiprocessing/pool.py", line 306, in _repopulate_pool
    return self._repopulate_pool_static(self._ctx, self.Process,
  File "/sw/arch/RHEL8/EB_production/2023/software/Python/3.11.3-GCCcore-12.3.0/lib/python3.11/multiprocessing/pool.py", line 329, in _repopulate_pool_static
    w.start()
  File "/sw/arch/RHEL8/EB_production/2023/software/Python/3.11.3-GCCcore-12.3.0/lib/python3.11/multiprocessing/process.py", line 121, in start
    self._popen = self._Popen(self)
  File "/sw/arch/RHEL8/EB_production/2023/software/Python/3.11.3-GCCcore-12.3.0/lib/python3.11/multiprocessing/context.py", line 281, in _Popen
    return Popen(process_obj)
  File "/sw/arch/RHEL8/EB_production/2023/software/Python/3.11.3-GCCcore-12.3.0/lib/python3.11/multiprocessing/popen_fork.py", line 19, in __init__
    self._launch(process_obj)
  File "/sw/arch/RHEL8/EB_production/2023/software/Python/3.11.3-GCCcore-12.3.0/lib/python3.11/multiprocessing/popen_fork.py", line 71, in _launch
    code = process_obj._bootstrap(parent_sentinel=child_r)
  File "/sw/arch/RHEL8/EB_production/2023/software/Python/3.11.3-GCCcore-12.3.0/lib/python3.11/multiprocessing/process.py", line 314, in _bootstrap
    self.run()
  File "/sw/arch/RHEL8/EB_production/2023/software/Python/3.11.3-GCCcore-12.3.0/lib/python3.11/multiprocessing/process.py", line 108, in run
    self._target(*self._args, **self._kwargs)
  File "/sw/arch/RHEL8/EB_production/2023/software/Python/3.11.3-GCCcore-12.3.0/lib/python3.11/multiprocessing/pool.py", line 125, in worker
    result = (True, func(*args, **kwds))
  File "/sw/arch/RHEL8/EB_production/2023/software/Python/3.11.3-GCCcore-12.3.0/lib/python3.11/multiprocessing/pool.py", line 48, in mapstar
    return list(map(*args))
  File "/gpfs/home3/tsijpkens/TSPHardener/run.py", line 38, in run_experiment
    logging.error(f"Error in {cmd}:", f"{e.stderr}")
Message: "Error in ['python3', '-m', 'experiment', '[30]', '[3.4, 3.6, 3.8, 4.0, 4.2, 4.4, 4.6, 4.8, 5.0]', '1000', '', '--tsp_type', 'euclidean', '--distribution', 'lognormal', '--mutation_strategy', 'scramble']:"
Arguments: ('',)
--- Logging error ---
Traceback (most recent call last):
  File "/gpfs/home3/tsijpkens/TSPHardener/run.py", line 33, in run_experiment
    result = subprocess.run(cmd, check=True, text=True, capture_output=True)
             ^^^^^^^^^^^^^^^^^^^^^^^^^^^^^^^^^^^^^^^^^^^^^^^^^^^^^^^^^^^^^^^
  File "/sw/arch/RHEL8/EB_production/2023/software/Python/3.11.3-GCCcore-12.3.0/lib/python3.11/subprocess.py", line 571, in run
    raise CalledProcessError(retcode, process.args,
subprocess.CalledProcessError: Command '['python3', '-m', 'experiment', '[30]', '[3.4, 3.6, 3.8, 4.0, 4.2, 4.4, 4.6, 4.8, 5.0]', '1000', '', '--tsp_type', 'euclidean', '--distribution', 'lognormal', '--mutation_strategy', 'wouter']' died with <Signals.SIGKILL: 9>.

During handling of the above exception, another exception occurred:

Traceback (most recent call last):
  File "/sw/arch/RHEL8/EB_production/2023/software/Python/3.11.3-GCCcore-12.3.0/lib/python3.11/logging/__init__.py", line 1110, in emit
    msg = self.format(record)
          ^^^^^^^^^^^^^^^^^^^
  File "/sw/arch/RHEL8/EB_production/2023/software/Python/3.11.3-GCCcore-12.3.0/lib/python3.11/logging/__init__.py", line 953, in format
    return fmt.format(record)
           ^^^^^^^^^^^^^^^^^^
  File "/sw/arch/RHEL8/EB_production/2023/software/Python/3.11.3-GCCcore-12.3.0/lib/python3.11/logging/__init__.py", line 687, in format
    record.message = record.getMessage()
                     ^^^^^^^^^^^^^^^^^^^
  File "/sw/arch/RHEL8/EB_production/2023/software/Python/3.11.3-GCCcore-12.3.0/lib/python3.11/logging/__init__.py", line 377, in getMessage
    msg = msg % self.args
          ~~~~^~~~~~~~~~~
TypeError: not all arguments converted during string formatting
Call stack:
  File "/gpfs/home3/tsijpkens/TSPHardener/run.py", line 46, in <module>
    with Pool(processes=32) as pool:
  File "/sw/arch/RHEL8/EB_production/2023/software/Python/3.11.3-GCCcore-12.3.0/lib/python3.11/multiprocessing/context.py", line 119, in Pool
    return Pool(processes, initializer, initargs, maxtasksperchild,
  File "/sw/arch/RHEL8/EB_production/2023/software/Python/3.11.3-GCCcore-12.3.0/lib/python3.11/multiprocessing/pool.py", line 215, in __init__
    self._repopulate_pool()
  File "/sw/arch/RHEL8/EB_production/2023/software/Python/3.11.3-GCCcore-12.3.0/lib/python3.11/multiprocessing/pool.py", line 306, in _repopulate_pool
    return self._repopulate_pool_static(self._ctx, self.Process,
  File "/sw/arch/RHEL8/EB_production/2023/software/Python/3.11.3-GCCcore-12.3.0/lib/python3.11/multiprocessing/pool.py", line 329, in _repopulate_pool_static
    w.start()
  File "/sw/arch/RHEL8/EB_production/2023/software/Python/3.11.3-GCCcore-12.3.0/lib/python3.11/multiprocessing/process.py", line 121, in start
    self._popen = self._Popen(self)
  File "/sw/arch/RHEL8/EB_production/2023/software/Python/3.11.3-GCCcore-12.3.0/lib/python3.11/multiprocessing/context.py", line 281, in _Popen
    return Popen(process_obj)
  File "/sw/arch/RHEL8/EB_production/2023/software/Python/3.11.3-GCCcore-12.3.0/lib/python3.11/multiprocessing/popen_fork.py", line 19, in __init__
    self._launch(process_obj)
  File "/sw/arch/RHEL8/EB_production/2023/software/Python/3.11.3-GCCcore-12.3.0/lib/python3.11/multiprocessing/popen_fork.py", line 71, in _launch
    code = process_obj._bootstrap(parent_sentinel=child_r)
  File "/sw/arch/RHEL8/EB_production/2023/software/Python/3.11.3-GCCcore-12.3.0/lib/python3.11/multiprocessing/process.py", line 314, in _bootstrap
    self.run()
  File "/sw/arch/RHEL8/EB_production/2023/software/Python/3.11.3-GCCcore-12.3.0/lib/python3.11/multiprocessing/process.py", line 108, in run
    self._target(*self._args, **self._kwargs)
  File "/sw/arch/RHEL8/EB_production/2023/software/Python/3.11.3-GCCcore-12.3.0/lib/python3.11/multiprocessing/pool.py", line 125, in worker
    result = (True, func(*args, **kwds))
  File "/sw/arch/RHEL8/EB_production/2023/software/Python/3.11.3-GCCcore-12.3.0/lib/python3.11/multiprocessing/pool.py", line 48, in mapstar
    return list(map(*args))
  File "/gpfs/home3/tsijpkens/TSPHardener/run.py", line 38, in run_experiment
    logging.error(f"Error in {cmd}:", f"{e.stderr}")
Message: "Error in ['python3', '-m', 'experiment', '[30]', '[3.4, 3.6, 3.8, 4.0, 4.2, 4.4, 4.6, 4.8, 5.0]', '1000', '', '--tsp_type', 'euclidean', '--distribution', 'lognormal', '--mutation_strategy', 'wouter']:"
Arguments: ('',)
slurmstepd: error: *** JOB 10362831 ON tcn424 CANCELLED AT 2025-03-08T16:15:56 DUE TO TIME LIMIT ***
slurmstepd: error: Detected 2 oom_kill events in StepId=10362831.batch. Some of the step tasks have been OOM Killed.

JOB STATISTICS
==============
Job ID: 10362831
Cluster: snellius
User/Group: tsijpkens/tsijpkens
State: TIMEOUT (exit code 0)
Nodes: 1
Cores per node: 32
CPU Utilized: 00:00:01
CPU Efficiency: 0.00% of 32-00:08:00 core-walltime
Job Wall-clock time: 1-00:00:15
Memory Utilized: 55.62 GB
Memory Efficiency: 99.32% of 56.00 GB
